~/workspace$ git add Dockerfile requirements.txt .dockerignore
git commit -m "Add Docker support"
git push github main
On branch main
Your branch is ahead of 'github/main' by 2 commits.
  (use "git push" to publish your local commits)

nothing to commit, working tree clean
To https://github.com/Ashishnayak1066/trimodels.club.git
 ! [rejected]        main -> main (fetch first)
error: failed to push some refs to 'https://github.com/Ashishnayak1066/trimodels.club.git'
hint: Updates were rejected because the remote contains work that you do not
hint: have locally. This is usually caused by another repository pushing to
hint: the same ref. If you want to integrate the remote changes, use
hint: 'git pull' before pushing again.
hint: See the 'Note about fast-forwards' in 'git push --help' for details.
~/workspace$ git pull github main --allow-unrelated-histories
remote: Enumerating objects: 5, done.
remote: Counting objects: 100% (5/5), done.
remote: Compressing objects: 100% (3/3), done.
remote: Total 3 (delta 2), reused 0 (delta 0), pack-reused 0 (from 0)
Unpacking objects: 100% (3/3), 950 bytes | 950.00 KiB/s, done.
From https://github.com/Ashishnayak1066/trimodels.club
 * branch            main       -> FETCH_HEAD
   fe3a046..861b5ce  main       -> github/main
hint: You have divergent branches and need to specify how to reconcile them.
hint: You can do so by running one of the following commands sometime before
hint: your next pull:
hint:
hint:   git config pull.rebase false  # merge
hint:   git config pull.rebase true   # rebase
hint:   git config pull.ff only       # fast-forward only
hint:
hint: You can replace "git config" with "git config --global" to set a default
hint: preference for all repositories. You can also pass --rebase, --no-rebase,
hint: or --ff-only on the command line to override the configured default per
hint: invocation.
fatal: Need to specify how to reconcile divergent branches.
~/workspace$ git push github main
To https://github.com/Ashishnayak1066/trimodels.club.git
 ! [rejected]        main -> main (non-fast-forward)
error: failed to push some refs to 'https://github.com/Ashishnayak1066/trimodels.club.git'
hint: Updates were rejected because the tip of your current branch is behind
hint: its remote counterpart. If you want to integrate the remote changes,
hint: use 'git pull' before pushing again.
hint: See the 'Note about fast-forwards' in 'git push --help' for details.
~/workspace$ 